// Vitest Snapshot v1, https://vitest.dev/guide/snapshot.html

exports[`ChangePasswordSection — snapshots > matches the default tree 1`] = `
<View
  className="gap-md"
>
  <TextInput
    onBlur={[Function]}
    onChangeText={[Function]}
    testID="cp-password-input"
    value=""
  />
  <View
    data-password=""
    testID="password-rules"
  />
  <TextInput
    onBlur={[Function]}
    onChangeText={[Function]}
    testID="cp-confirmPassword-input"
    value=""
  />
  <Pressable
    accessibilityState={
      {
        "disabled": true,
      }
    }
    testID="change-password-submit"
  >
    <Text>
      changePassword.submitButton
    </Text>
  </Pressable>
</View>
`;
