// Vitest Snapshot v1, https://vitest.dev/guide/snapshot.html

exports[`ProgressBar > renders the track and fills to the given percentage 1`] = `
<View
  className="h-2 w-full overflow-hidden rounded-full bg-border"
  testID="bar"
>
  <View
    className="h-2 rounded-full bg-accent"
    style={
      [
        {
          "width": "42%",
        },
        undefined,
      ]
    }
  />
</View>
`;
