// Vitest Snapshot v1, https://vitest.dev/guide/snapshot.html

exports[`StatBlock > renders the value, label and icon with an accessible summary label 1`] = `
<View
  accessibilityLabel="Games won: 12"
  accessibilityRole="none"
  accessible={true}
  className="flex-1 items-center gap-xs rounded-2xl px-md py-md bg-surface"
  testID="stat"
>
  <View
    className="mb-xs h-10 w-10 items-center justify-center rounded-full"
    style={
      {
        "backgroundColor": "#22c55e18",
      }
    }
  >
    <View
      accessibilityLabel="#22c55e"
      testID="icon-trophy.fill"
    />
  </View>
  <Text
    className="font-heading text-xl tracking-wide text-text font-bold"
    testID="12"
  >
    12
  </Text>
  <Text
    className="font-body text-xs text-text-secondary"
    testID="games-won"
  >
    Games won
  </Text>
</View>
`;
